commit e226728dd177598732c95c6b48c4f2b642aeaa42
Author: Maxime CLEMENT <78338830+maxime-clem@users.noreply.github.com>
Date:   Tue Sep 15 20:24:25 2026 +0900

    fix(map_based_velocity): fix outdated function signature (#3458)

    fix outdated function signature

    Signed-off-by: Maxime CLEMENT <maxime.clement@tier4.jp>

commit 8098917fbdc53ea8d9c75991f73f47736f4b5f16
Author: Maxime CLEMENT <78338830+maxime-clem@users.noreply.github.com>
Date:   Tue Sep 15 18:44:46 2026 +0900

    feat(map_velocity_limits): also calculate required deceleration and resample points (#3437)

    * feat(map_velocity_limits): also calculate required deceleration

    Signed-off-by: Maxime CLEMENT <maxime.clement@tier4.jp>

    * also adjust the arc length between points to match changes in velocity

    Signed-off-by: Maxime CLEMENT <maxime.clement@tier4.jp>

    * improve function to resample the points, add tests

    Signed-off-by: Maxime CLEMENT <maxime.clement@tier4.jp>

    ---------

    Signed-off-by: Maxime CLEMENT <maxime.clement@tier4.jp>

commit 2973189dc9145bcc0f00559a6ea14d5175a42309
Author: Yuxuan Liu <619684051@qq.com>
Date:   Fri Sep 11 17:01:01 2026 +0900

    feat(trajectory_processor): seed time-sequence OCP from stamped ego history (#3407)

    * feat(trajectory_processor): seed time-sequence OCP from stamped ego history

    Localization runs faster than Diffusion Planner inference, so latest odom
    has already moved toward p0 when the candidate arrives. Interpolate ego
    at the trajectory stamp (DP frame_time) instead of take_data() latest.

    Co-authored-by: Cursor <cursoragent@cursor.com>

    * docs(trajectory_processor): add figure of latest-odom cruise speed dip

    Co-authored-by: Cursor <cursoragent@cursor.com>

    ---------

    Co-authored-by: Cursor <cursoragent@cursor.com>

commit dc20000a0fb1a75780976eced31705298d5f8a43
Author: Maxime CLEMENT <78338830+maxime-clem@users.noreply.github.com>
Date:   Wed Sep 9 16:43:26 2026 +0900

    feat(trajectory_processor): add new MapVelocityLimits plugin (#3387)

    Signed-off-by: Maxime CLEMENT <maxime.clement@tier4.jp>

commit e565dec895b2f00f5d4ccfc9a4ff421239d7b340
Author: mkquda <168697710+mkquda@users.noreply.github.com>
Date:   Wed Sep 9 15:51:11 2026 +0900

    feat(obstacle_stop): improve rss safety check (#3393)

    * visualize overlapping ego footprint for non-safe target objects

    Signed-off-by: Mohammad <alqudah.mohammad@tier4.jp>

    * apply minimum rss safe distance threshold, and relax rss distance buffer

    - use stop_margin param as lower limit for rss safe distance
    - reduce rss safety buffer value
    - use parameterized delay_response_time for calculating kinematic stopping distance

    Signed-off-by: Mohammad <alqudah.mohammad@tier4.jp>

    * update MRBP obstacle stop logic

    Signed-off-by: Mohammad <alqudah.mohammad@tier4.jp>

    * remove unused param

    Signed-off-by: Mohammad <alqudah.mohammad@tier4.jp>

    ---------

    Signed-off-by: Mohammad <alqudah.mohammad@tier4.jp>

commit 8a1bfd611d833f4c29ad66f81a5d460934c2f2ce
Author: mkquda <168697710+mkquda@users.noreply.github.com>
Date:   Tue Sep 8 09:03:13 2026 +0900

    feat(traffic_light_stop, traffic_light_compliance_checker): fix inconsistent amber rejection behavior (#3380)

    * update modifier traffic_light_stop parameters

    - modify traffic_light_stop config to be consistent with traffic_light_filter
    - update parameter_struct.yaml and schema
    - update integration tests
    - add delay_response_time param

    Signed-off-by: Mohammad <alqudah.mohammad@tier4.jp>

    * ensure distance to stop line and crossing time are measured with respect to ego front

    Signed-off-by: Mohammad <alqudah.mohammad@tier4.jp>

    * update default trajectory_processor config

    Signed-off-by: Mohammad <alqudah.mohammad@tier4.jp>

    ---------

    Signed-off-by: Mohammad <alqudah.mohammad@tier4.jp>

commit 2317c38a1a65bba4a336b52de0b7703e245b5847
Author: Yuxuan Liu <619684051@qq.com>
Date:   Mon Sep 7 14:44:33 2026 +0900

    feat(trajectory_processor): add time-sequence raw optimizer plugin (#3359)

    * feat(trajectory_processor): add time-sequence raw optimizer plugin

    Load optimizer and road-border params from a dedicated plugin yaml instead of trajectory_processor.param.yaml.

    Signed-off-by: YuxuanLiuTier4Desktop <619684051@qq.com>
    Co-authored-by: Cursor <cursoragent@cursor.com>

    * feat: improve stopping behavior

    Signed-off-by: YuxuanLiuTier4Desktop <619684051@qq.com>

    * set speed to first three

    Signed-off-by: YuxuanLiuTier4Desktop <619684051@qq.com>

    * feat: jerk minimization

    Signed-off-by: YuxuanLiuTier4Desktop <619684051@qq.com>

    * feat: bisection search

    Signed-off-by: YuxuanLiuTier4Desktop <619684051@qq.com>

    ---------

    Signed-off-by: YuxuanLiuTier4Desktop <619684051@qq.com>
    Co-authored-by: Cursor <cursoragent@cursor.com>

commit cceb3260828f690dbb9895afa6a00ba591f03700
Author: mkquda <168697710+mkquda@users.noreply.github.com>
Date:   Fri Sep 4 16:48:33 2026 +0900

    feat(obstacle_stop): improve obstacle stop object filtering to enable per class margins (#3334)

    * feat: add ego-footprint R-tree for obstacle-stop collision queries

    - Add EgoFootprint samples (pose, trajectory index, arc length) and an AABB R-tree on TrajectoryShape, plus vehicle extents for query-time OBB tests
    - Add build_trajectory_footprint_index() to crop/extend the detection trajectory, resample footprints at 0.1–0.5 m spacing, and bulk-load the R-tree
    - Add query_overlapping_footprints() for points (PCD) and polygons (objects), with a coarse R-tree lookup then a precise check using a per-query lateral margin
    - Keep the existing union-polygon get_trajectory_shape() path unchanged so callers can switch over incrementally

    Signed-off-by: Mohammad Alqudah <alqudah.mohammad@tier4.jp>
    Co-authored-by: Cursor <cursoragent@cursor.com>

    * wire ego-footprint R-tree into obstacle-stop collision checks

    - Build the footprint index in the trajectory modifier and backup planner instead of the swept union polygon
    - Filter objects and detect PCD collisions with per-query lateral margin via query_overlapping_footprints()
    - Draw per-pose ego footprints in debug markers; leave unused get_trajectory_shape() in utils

    Signed-off-by: Mohammad Alqudah <alqudah.mohammad@tier4.jp>

    * apply per-class lateral margins at obstacle-stop footprint query time

    - Replace the scalar corridor margin with a per-class map used at query time
    - Expand ego footprints by object label or pointcloud class_id
    - Fold pointcloud target types and height limits under objects

    Signed-off-by: Mohammad Alqudah <alqudah.mohammad@tier4.jp>

    * optimize publish_debug_string() function for footprint visualization

    Signed-off-by: Mohammad <alqudah.mohammad@tier4.jp>

    * replace boost::geometry::disjoint check with SAT check

    Signed-off-by: Mohammad <alqudah.mohammad@tier4.jp>

    * update backup planner obstacle_stop to set lateral margin per object class

    Signed-off-by: Mohammad <alqudah.mohammad@tier4.jp>

    * remove obsolete code

    Signed-off-by: Mohammad <alqudah.mohammad@tier4.jp>

    * fix ObstacleTracker to account for tracked object velocity, use minimum_stop_margin for dynamic collisions

    Signed-off-by: Mohammad <alqudah.mohammad@tier4.jp>

    * crop obstacle-stop pointclouds in map after TF so the AABB filter matches the cloud frame

    Signed-off-by: Mohammad <alqudah.mohammad@tier4.jp>

    * fix time_to_obj_current_pos logic in filter_by_target_area() function

    Signed-off-by: Mohammad <alqudah.mohammad@tier4.jp>

    * refactor to be able to debug collision check details

    Signed-off-by: Mohammad <alqudah.mohammad@tier4.jp>

    ---------

    Signed-off-by: Mohammad Alqudah <alqudah.mohammad@tier4.jp>
    Signed-off-by: Mohammad <alqudah.mohammad@tier4.jp>
    Co-authored-by: Cursor <cursoragent@cursor.com>

commit 2ee7ee667438f9a86a3abd769063a5c14b59cb3b
Author: Arjun Jagdish Ram <arjun.ram@tier4.jp>
Date:   Wed Sep 2 14:05:03 2026 +0900

    feat(autoware_mppi_optimizer): sync and bug fixes (#3342)

    * feat(autoware_mppi_optimizer): Updates for T-MPT to fix latency (#22)

    Signed-off-by: Arjun Jagdish Ram <arjun.ram@tier4.jp>

    * new tuning

    Signed-off-by: Arjun Jagdish Ram <arjun.ram@tier4.jp>

    * Chaged the nominal to use its own output for warm start

    Signed-off-by: Arjun Jagdish Ram <arjun.ram@tier4.jp>

    * fixed open-loop and delay dynamics

    Signed-off-by: Arjun Jagdish Ram <arjun.ram@tier4.jp>

    * tuning updates and new prediction error utils

    Signed-off-by: Arjun Jagdish Ram <arjun.ram@tier4.jp>

    * fix

    Signed-off-by: Arjun Jagdish Ram <arjun.ram@tier4.jp>

    * pass through for mpc

    Signed-off-by: Arjun Jagdish Ram <arjun.ram@tier4.jp>

    * fix for logging in open-loop sim

    Signed-off-by: Arjun Jagdish Ram <arjun.ram@tier4.jp>

    * Update planning/autoware_mppi_optimizer/config/mppi_optimizer.param.yaml

    Co-authored-by: Maxime CLEMENT <78338830+maxime-clem@users.noreply.github.com>

    ---------

    Signed-off-by: Arjun Jagdish Ram <arjun.ram@tier4.jp>
    Co-authored-by: Maxime CLEMENT <78338830+maxime-clem@users.noreply.github.com>

commit 290ea3947eb1b5f16d9418a68a4379288ad40298
Author: mkquda <168697710+mkquda@users.noreply.github.com>
Date:   Wed Sep 2 09:35:32 2026 +0900

    Merge pull request #3357 from mkquda/feat/v0.64/e2e-fix-build-errors

    fix incorrect namespace, add missing package dependency

commit 61fff56af94200ac472f546822a7d3181fc4c0ba
Author: mkquda <168697710+mkquda@users.noreply.github.com>
Date:   Tue Sep 1 14:46:50 2026 +0900

    feat(minimum_rule_based_planner): fix backup planner obstacle stop collision tracking (#3354)

    * fix backup planner obstacle stop to track moving collisions with speed-aware association

    - Replace CollisionPoint start_time with first_seen and last_seen
    - Store path-projected obstacle_speed on each collision
    - Geometric check uses get_object_state_at_time at t=0 instead of polygon vertices
    - Associate tracked collision using speed and dt instead of a fixed distance gate
    - Update stored pose when the new point is closer or the object is dynamic

    Signed-off-by: Mohammad <alqudah.mohammad@tier4.jp>

    * refactor update_collision_points_buffer() function

    Signed-off-by: Mohammad <alqudah.mohammad@tier4.jp>

    * fix logic for oncoming obstacles

    Signed-off-by: Mohammad Alqudah <alqudah.mohammad@tier4.jp>

    ---------

    Signed-off-by: Mohammad <alqudah.mohammad@tier4.jp>
    Signed-off-by: Mohammad Alqudah <alqudah.mohammad@tier4.jp>

commit cd44e1285d18bb79932da9f6ce8b5c2ea5d8c7c3
Author: mkquda <168697710+mkquda@users.noreply.github.com>
Date:   Tue Sep 1 14:44:28 2026 +0900

    feat(traffic_light_compliance_checker): improve compliance checker to prevent chattering behavior (#3346)

    improve TL compliance checker to prevent chattering behavior

    - refactor TrafficLightStatusTracker::filter_signals to emit all stable statuses in the history, not only the ones in this frame
    - keep a history of violation arc lengths per id
    - use previous violation arc lengths to floor current frame lookahead distance
    - use current frame collected stop lines to cleanup the history of violation arc lengths

    Signed-off-by: Mohammad <alqudah.mohammad@tier4.jp>

commit e1df948690c69964be4c0f93b426d48477d34b9d
Author: mkquda <168697710+mkquda@users.noreply.github.com>
Date:   Tue Sep 1 12:53:06 2026 +0900

    feat(trajectory_modifier, minimum_rule_based_planner): integrate pointcloud semantic segmentation (#3309)

    * support new perception pointcloud interface using point type PointXYZCPE, and update pointcloud processing code in modifier and backup planner

    - Switch obstacle-stop point type from pcl::PointXYZ to PointXYZCPE
    - Filter input points by configurable target class labels (class_id) and axis-aligned range/height bounds
    - Remove voxel-grid downsampling, Euclidean clustering, and convex-hull extraction from the obstacle-stop PCD pipeline
    - Replace PCL CropBox / transform_pointcloud usage with manual x/y/z filtering and transform (PointXYZCPE has no PCL .data member)
    - Add PointCloudClassification -> ObjectType mapping for semantic labels
    - Replace voxel_grid_filter / clustering params with pointcloud.target_types in config, parameter structs, and schemas for both packages
    - Default target_types to hazard, structure, and vegetation
    - Add autoware_point_types dependency to trajectory_modifier
    - Update trajectory_modifier obstacle-stop integration test params for the simplified filter path
    - Share the simplified PointCloudFilter path with minimum_rule_based_planner obstacle_stop

    Signed-off-by: Mohammad <alqudah.mohammad@tier4.jp>

    * align PCD crop and clean up cluster debug leftovers

    - Match MRBP obstacle-stop crop AABB to trajectory_modifier using std::minmax and a 1.0 m buffer so inverted corners after yaw do not empty the crop box
    - Remove dead cluster_points debug path after clustering removal
    - Publish filtered_points from MRBP obstacle_stop and update debug text to filtered -> target in both packages

    Signed-off-by: Mohammad <alqudah.mohammad@tier4.jp>

    * preserve PointXYZCPE fields in obstacle tracker

    - Store full PointXYZCPE in PersistentPoint instead of xyz-only geometry_msgs positions
    - Keep class_id, probability, and entropy when emitting active tracked points

    Signed-off-by: Mohammad <alqudah.mohammad@tier4.jp>

    * clean up code

    Signed-off-by: Mohammad <alqudah.mohammad@tier4.jp>

    * filter surround obstacle pointclouds by type and range

    - Parse PointXYZCPE clouds in surround_obstacle_stop and keep only configured semantic labels before proximity checks
    - Crop to the ego footprint expanded by front/side/back thresholds and hysteresis, then convert to PointXYZ for ProximityChecker
    - Add target_objects.pointcloud params (default hazard/structure/vegetation) to config, parameter structs, and schemas in both packages
    - Allow unknown labels in trajectory_modifier surround integration tests so XYZ-only fixtures still exercise the PCD path

    Signed-off-by: Mohammad <alqudah.mohammad@tier4.jp>

    * Update planning/autoware_minimum_rule_based_planner/config/minimum_rule_based_planner.param.yaml

    Co-authored-by: Kotaro Uetake <60615504+ktro2828@users.noreply.github.com>

    * Update planning/autoware_minimum_rule_based_planner/config/minimum_rule_based_planner.param.yaml

    Co-authored-by: Kotaro Uetake <60615504+ktro2828@users.noreply.github.com>

    * Update planning/autoware_minimum_rule_based_planner/param/minimum_rule_based_planner_parameters.yaml

    Co-authored-by: Kotaro Uetake <60615504+ktro2828@users.noreply.github.com>

    * Update planning/autoware_minimum_rule_based_planner/param/minimum_rule_based_planner_parameters.yaml

    Co-authored-by: Kotaro Uetake <60615504+ktro2828@users.noreply.github.com>

    * Update planning/autoware_trajectory_modifier/config/trajectory_modifier.param.yaml

    Co-authored-by: Kotaro Uetake <60615504+ktro2828@users.noreply.github.com>

    * Update planning/autoware_trajectory_modifier/src/trajectory_modifier_plugins/surround_obstacle_stop.cpp

    Co-authored-by: Kotaro Uetake <60615504+ktro2828@users.noreply.github.com>

    * Update planning/autoware_minimum_rule_based_planner/schema/minimum_rule_based_planner.schema.json

    Co-authored-by: Kotaro Uetake <60615504+ktro2828@users.noreply.github.com>

    * Update planning/autoware_minimum_rule_based_planner/schema/minimum_rule_based_planner.schema.json

    Co-authored-by: Kotaro Uetake <60615504+ktro2828@users.noreply.github.com>

    * Apply suggestion from @ktro2828

    Co-authored-by: Kotaro Uetake <60615504+ktro2828@users.noreply.github.com>

    ---------

    Signed-off-by: Mohammad <alqudah.mohammad@tier4.jp>
    Co-authored-by: Kotaro Uetake <60615504+ktro2828@users.noreply.github.com>

commit 97c8ac9dd2512e34305c90d0539ce76421a3102d
Author: Maxime CLEMENT <maxime.clement@tier4.jp>
Date:   Fri Aug 21 20:09:03 2026 +0900

    move mppi from DP node to trajectory_processor

    Signed-off-by: Maxime CLEMENT <maxime.clement@tier4.jp>

commit 807d5ccad6a166ee2d1091fe141c1961ef7f0513
Author: Maxime CLEMENT <maxime.clement@tier4.jp>
Date:   Thu Aug 20 09:45:14 2026 +0900

    fix mimum_rule_based_planner build

    Signed-off-by: Maxime CLEMENT <maxime.clement@tier4.jp>

commit 29a0e84dee6998782dbdab79331def94c1b3b285
Author: Maxime CLEMENT <maxime.clement@tier4.jp>
Date:   Thu Aug 20 09:29:59 2026 +0900

    Squashed commit of the following:

    commit ca0e9e7529f95a27a186df114ab2b17bda894e9e
    Author: Arjun Jagdish Ram <arjun.ram@tier4.jp>
    Date:   Thu Aug 20 07:45:42 2026 +0900

        feat(mppi_optimizer, temporal_mpt): fixes for better tracking (#33)

        Signed-off-by: Arjun Jagdish Ram <arjun.ram@tier4.jp>

    commit 4c0114d095f7b7aae7a154d8b8144c5de9e9991f
    Author: Maxime CLEMENT <maxime.clement@tier4.jp>
    Date:   Wed Aug 19 16:49:22 2026 +0900

        use temporal mpt by default and do not optimize bellow 10m

        Signed-off-by: Maxime CLEMENT <maxime.clement@tier4.jp>

    commit 2505e1787938d9bd9bf5c861b739c28c43327106
    Author: Maxime CLEMENT <78338830+maxime-clem@users.noreply.github.com>
    Date:   Tue Aug 18 18:40:10 2026 +0900

        feat(mppi_optimizer): add parameter for minimum optimization length (#31)

        Signed-off-by: Maxime CLEMENT <maxime.clement@tier4.jp>

    commit 856b943c4fc5fc1cdfced26cf50584c1ab4d7853
    Author: Maxime CLEMENT <78338830+maxime-clem@users.noreply.github.com>
    Date:   Tue Aug 18 15:27:41 2026 +0900

        feat(mppi_optimizer): use barrier costs for hard constraints (#21)

        Signed-off-by: Maxime CLEMENT <maxime.clement@tier4.jp>

    commit 8f797270d62f820109b43e52c1a2139f3cf5cfe3
    Author: Arjun Jagdish Ram <arjun.ram@tier4.jp>
    Date:   Mon Aug 17 18:57:53 2026 +0900

        fix(mppi_optimizer): output commands instead of states (#29)

        Signed-off-by: Arjun Jagdish Ram <arjun.ram@tier4.jp>

    commit a6d859f4a35015d8832fefdd6f98def04a64b08e
    Author: Arjun Jagdish Ram <arjun.ram@tier4.jp>
    Date:   Mon Aug 17 15:56:00 2026 +0900

        feat(mppi_optimizer): better tracking cost function (#27)

        Signed-off-by: Arjun Jagdish Ram <arjun.ram@tier4.jp>
        Signed-off-by: Maxime CLEMENT <maxime.clement@tier4.jp>

    commit 09c400f3e21ce33cde28cd8756b14dc15c510c32
    Author: Maxime CLEMENT <78338830+maxime-clem@users.noreply.github.com>
    Date:   Mon Aug 17 14:31:02 2026 +0900

        chore(mppi_optimizer): remove desired speed (#19)

        Signed-off-by: Maxime CLEMENT <maxime.clement@tier4.jp>

    commit c2ff4b460dfd378d92c4a35ba0955b854f270668
    Author: Maxime CLEMENT <78338830+maxime-clem@users.noreply.github.com>
    Date:   Fri Aug 14 15:55:22 2026 +0900

        feat(mppi): publish debug nominal trajectory  (#17)

        Signed-off-by: Maxime CLEMENT <maxime.clement@tier4.jp>

    commit 73dc30733b7f563c73bd889e37002435c11f91ab
    Author: Maxime CLEMENT <78338830+maxime-clem@users.noreply.github.com>
    Date:   Fri Aug 14 14:59:01 2026 +0900

        feat(avoidance_target_detector): object filtering using proper margins

        Signed-off-by: Maxime CLEMENT <maxime.clement@tier4.jp>

    commit c1845d71d75a56d0272ca2a516c678c5a235c9c0
    Author: Arjun Jagdish Ram <arjun.ram@tier4.jp>
    Date:   Thu Aug 13 18:33:05 2026 +0900

        fix where terminal state always crashes (#15)

        Signed-off-by: Arjun Jagdish Ram <arjun.ram@tier4.jp>

    commit 78736046d48b3e6cb4cd0f3cce079116b64b6b8e
    Author: Maxime CLEMENT <78338830+maxime-clem@users.noreply.github.com>
    Date:   Thu Aug 13 16:25:57 2026 +0900

        feat(mppi_optimizer): add diagnostic with costs breakdown (#14)

        Signed-off-by: Maxime CLEMENT <maxime.clement@tier4.jp>

    commit 0df3460c2ed74bcbfc20daceec84546b8af7ea12
    Author: Arjun Jagdish Ram <arjun.ram@tier4.jp>
    Date:   Thu Aug 13 09:12:23 2026 +0900

        fix tracking cost and retune (#13)

        Signed-off-by: Arjun Jagdish Ram <arjun.ram@tier4.jp>

    commit 19e9a21edda1e071e471447276ba02045ecd2d0f
    Author: Maxime CLEMENT <78338830+maxime-clem@users.noreply.github.com>
    Date:   Wed Aug 12 17:15:10 2026 +0900

        feat(mppi_optimizer): add 2 lane centering cost functions (#11)

        Signed-off-by: Maxime CLEMENT <maxime.clement@tier4.jp>

    commit fa16e88fa334962a89352c98957204f8c5bccd50
    Author: Arjun Jagdish Ram <arjun.ram@tier4.jp>
    Date:   Wed Aug 12 17:12:29 2026 +0900

        fixes for params (#12)

        Signed-off-by: Arjun Jagdish Ram <arjun.ram@tier4.jp>

    commit 313708e050806f23b184a77507a159055b427d81
    Author: Maxime CLEMENT <78338830+maxime-clem@users.noreply.github.com>
    Date:   Wed Aug 12 14:24:21 2026 +0900

        fix(mppi_optimizer): use point to segment dist for lateral deviation (#9)

        Signed-off-by: Maxime CLEMENT <maxime.clement@tier4.jp>

    commit ab09cf16fa829ba3047542527db2390b96b89c6e
    Author: Maxime CLEMENT <78338830+maxime-clem@users.noreply.github.com>
    Date:   Wed Aug 12 14:04:49 2026 +0900

        feat(mppi_optimizer): publish enabled=false when skip_if_invalid + unit tests (#6)

        Signed-off-by: Maxime CLEMENT <maxime.clement@tier4.jp>

    commit 3949a34a69eb4a5b9709388665c79957484eb3a9
    Author: Maxime CLEMENT <78338830+maxime-clem@users.noreply.github.com>
    Date:   Wed Aug 12 13:46:58 2026 +0900

        feat(mppi_optimizer): use Menger curvature to calculate nonimal controls (#2)

        Signed-off-by: Maxime CLEMENT <maxime.clement@tier4.jp>

    commit 77852a1b8c8120edde70fb52edafa152035c87a1
    Author: Maxime CLEMENT <78338830+maxime-clem@users.noreply.github.com>
    Date:   Wed Aug 12 10:15:40 2026 +0900

        feat(mppi_optimizer): refactor util functions and add unit tests

        Signed-off-by: Maxime CLEMENT <maxime.clement@tier4.jp>

    commit 1d3d38323555de3c98fc006f168a9c6017be7d00
    Author: Maxime CLEMENT <78338830+maxime-clem@users.noreply.github.com>
    Date:   Tue Aug 11 15:55:21 2026 +0900

        feat(avoidance_target_detector): add filtering function (#8)

        Signed-off-by: Maxime CLEMENT <maxime.clement@tier4.jp>

    commit 84378a10846df8d8ec048d19ec267745d1ff96dc
    Author: Maxime CLEMENT <78338830+maxime-clem@users.noreply.github.com>
    Date:   Tue Aug 11 11:11:04 2026 +0900

        feat(avoidance_target_detector): add filtering function (#7)

        Signed-off-by: Maxime CLEMENT <maxime.clement@tier4.jp>

    commit a84a6f5359bd1080780c58177a8d13fb10a1f8bb
    Author: Arjun Jagdish Ram <arjun.ram@tier4.jp>
    Date:   Mon Aug 10 17:46:31 2026 +0900

        feat(autoware_mppi_optimizer): Updates to debug tools and parameters (#4)

        Signed-off-by: Arjun Jagdish Ram <arjun.ram@tier4.jp>

    commit 94834b3b7c95713edb4f736bcefc566b74fd71ac
    Author: Maxime CLEMENT <maxime.clement@tier4.jp>
    Date:   Tue Aug 4 11:43:33 2026 +0900

        refactor(MPPI): remove left/right boundary parameters - #3303

        Signed-off-by: Maxime CLEMENT <maxime.clement@tier4.jp>

    commit 594d1c1a4bc730f9d21c4c4d9b7723a26e62cad2
    Author: Maxime CLEMENT <maxime.clement@tier4.jp>
    Date:   Tue Aug 4 11:23:02 2026 +0900

        fix(MPPI): properly use all target objects - #3305

        Signed-off-by: Maxime CLEMENT <maxime.clement@tier4.jp>

    commit 77b3662fe2e855f3fcec15b1da0cf8e4eab0ceaa
    Author: Maxime CLEMENT <maxime.clement@tier4.jp>
    Date:   Mon Aug 10 13:14:52 2026 +0900

        feat(avoidance_target_detector): add tests and improve performance - #3301

        commit 734ce65bda0a4aef518b03795acb221be06d13fd
        Author: Maxime CLEMENT <maxime.clement@tier4.jp>
        Date:   Tue Aug 4 10:11:30 2026 +0900

            cleanup CMakeLists and unused variable

            Signed-off-by: Maxime CLEMENT <maxime.clement@tier4.jp>

        commit 1649e41ce7adbaddef7f2a67590caba5b0bc67b4
        Author: Maxime CLEMENT <maxime.clement@tier4.jp>
        Date:   Mon Aug 3 17:36:06 2026 +0900

            remove performance "test"

            Signed-off-by: Maxime CLEMENT <maxime.clement@tier4.jp>

        commit d6b259bd058d055dccde888cb51f0016b6583de7
        Author: Maxime CLEMENT <maxime.clement@tier4.jp>
        Date:   Mon Aug 3 17:35:53 2026 +0900

            Revert "[TMP DEBUG] konsole+gdb"

            This reverts commit 5ba1b9b9b1108b047425300286630459600be2d7.

            Signed-off-by: Maxime CLEMENT <maxime.clement@tier4.jp>

        commit 2a688eda6d7096efb4ddcb110df777a12680d360
        Author: Maxime CLEMENT <maxime.clement@tier4.jp>
        Date:   Mon Aug 3 17:34:34 2026 +0900

            improve boundary performance

            Signed-off-by: Maxime CLEMENT <maxime.clement@tier4.jp>

        commit 5c8d992d25a175b5abc416df6d3b83596e824403
        Author: Maxime CLEMENT <maxime.clement@tier4.jp>
        Date:   Mon Aug 3 17:24:41 2026 +0900

            add boundary unit tests

            Signed-off-by: Maxime CLEMENT <maxime.clement@tier4.jp>

        commit c2612508551998008364442e9670f0302db24384
        Author: Maxime CLEMENT <maxime.clement@tier4.jp>
        Date:   Mon Aug 3 17:08:38 2026 +0900

            improve performance

            Signed-off-by: Maxime CLEMENT <maxime.clement@tier4.jp>

        commit 4401a5e66c75ed9ee639837d18d5b15504e0d392
        Author: Maxime CLEMENT <maxime.clement@tier4.jp>
        Date:   Mon Aug 3 16:41:05 2026 +0900

            Refactor

            Signed-off-by: Maxime CLEMENT <maxime.clement@tier4.jp>

        commit a5741dd131bb7d9b382359eaba99358d46fb8967
        Author: Maxime CLEMENT <maxime.clement@tier4.jp>
        Date:   Mon Aug 3 16:09:23 2026 +0900

            add unit tests

            Signed-off-by: Maxime CLEMENT <maxime.clement@tier4.jp>

        commit 80c32379acbba30b2f614699040192b2dfebc498
        Author: Maxime CLEMENT <maxime.clement@tier4.jp>
        Date:   Mon Aug 3 15:38:51 2026 +0900

            perform rtree filtering with the extended route handler

            Signed-off-by: Maxime CLEMENT <maxime.clement@tier4.jp>

        commit d71e2a9b347cec822c5127498d40c3e86ef80eec
        Author: Maxime CLEMENT <maxime.clement@tier4.jp>
        Date:   Mon Aug 3 15:11:22 2026 +0900

            move rtree filtering to the avoidance_target_detector (WIP)

            Signed-off-by: Maxime CLEMENT <maxime.clement@tier4.jp>

        commit 82efbf398bf0b27f115587770297ca595e5b50ec
        Author: Maxime CLEMENT <maxime.clement@tier4.jp>
        Date:   Mon Aug 3 13:57:13 2026 +0900

            remove node

            Signed-off-by: Maxime CLEMENT <maxime.clement@tier4.jp>

        commit 5ba1b9b9b1108b047425300286630459600be2d7
        Author: Maxime CLEMENT <maxime.clement@tier4.jp>
        Date:   Mon Aug 3 13:46:01 2026 +0900

            [TMP DEBUG] konsole+gdb

            Signed-off-by: Maxime CLEMENT <maxime.clement@tier4.jp>

        Signed-off-by: Maxime CLEMENT <maxime.clement@tier4.jp>

    commit cada6f20629f352769a879709d79ab1872a256be
    Author: Maxime CLEMENT <maxime.clement@tier4.jp>
    Date:   Mon Aug 10 13:13:42 2026 +0900

        feat(autoware_mppi_optimizer): Updates to debug tools and parameters - #3302

        commit a9564bcb2264b06b6d0dcab9039395e9b15adaed
        Author: Arjun Jagdish Ram <arjun.ram@tier4.jp>
        Date:   Mon Aug 10 09:48:12 2026 +0900

            fixed param

            Signed-off-by: Arjun Jagdish Ram <arjun.ram@tier4.jp>

        commit 009b8b3993bac5f7b1b0beeace127608822d1471
        Author: Arjun Jagdish Ram <arjun.ram@tier4.jp>
        Date:   Tue Aug 4 17:48:45 2026 +0900

            removed unused param

            Signed-off-by: Arjun Jagdish Ram <arjun.ram@tier4.jp>

        commit cd28a4dffc09a8106a1f048568250b8a982c9efe
        Author: Arjun Jagdish Ram <arjun.ram@tier4.jp>
        Date:   Tue Aug 4 09:57:52 2026 +0900

            fix

            Signed-off-by: Arjun Jagdish Ram <arjun.ram@tier4.jp>

        commit c2d828f03496f5aa5640f4ecc3c930d7093f38e6
        Author: Arjun Jagdish Ram <arjun.ram@tier4.jp>
        Date:   Tue Aug 4 09:45:37 2026 +0900

            Removed changes to avoidance target detector

            Signed-off-by: Arjun Jagdish Ram <arjun.ram@tier4.jp>

        commit abcf26a724145aef68b4d7f15d46bb723a39b02f
        Author: Arjun Jagdish Ram <arjun.ram@tier4.jp>
        Date:   Mon Aug 3 18:32:56 2026 +0900

            updates to params and debug tool

            Signed-off-by: Arjun Jagdish Ram <arjun.ram@tier4.jp>

        commit 2cac0b3dbdb4185e878f307a453a0f4c0d23caf1
        Author: Arjun Jagdish Ram <arjun.ram@tier4.jp>
        Date:   Mon Aug 3 15:01:16 2026 +0900

            fixes to debug logging

            Signed-off-by: Arjun Jagdish Ram <arjun.ram@tier4.jp>

        commit 7734588b93c731c03672f7956e166ecf23f5c6c7
        Author: Maxime CLEMENT <maxime.clement@tier4.jp>
        Date:   Wed Jul 29 13:00:35 2026 +0900

            feat(MPPI): smoother nominal steering computation with min chord length

            Signed-off-by: Maxime CLEMENT <maxime.clement@tier4.jp>

        commit ecef4314682eb9e1a242520274cb2bc745ab8203
        Author: Maxime CLEMENT <maxime.clement@tier4.jp>
        Date:   Fri Jul 31 10:25:16 2026 +0900

            revert change to lateral jerk equation

            Signed-off-by: Maxime CLEMENT <maxime.clement@tier4.jp>

        commit f67b88912fab6baabf7b456b7efd82ef37cb2148
        Author: Maxime CLEMENT <maxime.clement@tier4.jp>
        Date:   Thu Jul 30 10:09:59 2026 +0900

            fix(MPPI): restore proper lateral jerk equation

            Signed-off-by: Maxime CLEMENT <maxime.clement@tier4.jp>

        Signed-off-by: Maxime CLEMENT <maxime.clement@tier4.jp>

    Signed-off-by: Maxime CLEMENT <maxime.clement@tier4.jp>

commit b664884019da481e38acdd051fca53367ec1e0dd
Author: Maxime CLEMENT <78338830+maxime-clem@users.noreply.github.com>
Date:   Wed Aug 19 16:27:42 2026 +0900

    feat(trajectory_processor): unify Modifier and Optimizer nodes into Processor node (#11)

    * Squashed commit of the following:

    commit 0070f176d6e0a6362e8615f3203b1af7053fc011
    Author: Maxime CLEMENT <maxime.clement@tier4.jp>
    Date:   Fri Aug 14 11:24:42 2026 +0900

        move optimizer flags after modifier flags

        Signed-off-by: Maxime CLEMENT <maxime.clement@tier4.jp>

    commit a445eca79e22c410d1c27ce2574eb5f950ccada6
    Author: Maxime CLEMENT <maxime.clement@tier4.jp>
    Date:   Fri Aug 14 11:10:36 2026 +0900

        get_name -> get_short_name

        Signed-off-by: Maxime CLEMENT <maxime.clement@tier4.jp>

    commit bed5bfd6e3b1a63bcb12df580d59803209f96c3c
    Author: Maxime CLEMENT <maxime.clement@tier4.jp>
    Date:   Fri Aug 14 11:06:14 2026 +0900

        update namespace (modifier/optimizer-> processor)

        Signed-off-by: Maxime CLEMENT <maxime.clement@tier4.jp>

    commit 9492633ba26c72084cda92d059620833cf960607
    Author: Maxime CLEMENT <maxime.clement@tier4.jp>
    Date:   Mon Aug 10 18:45:13 2026 +0900

        restore max_velocity topic remaps

        Signed-off-by: Maxime CLEMENT <maxime.clement@tier4.jp>

    commit 11bea3b115d71a128bd2f8df3ffc6f356b439901
    Author: Maxime CLEMENT <maxime.clement@tier4.jp>
    Date:   Mon Aug 10 17:56:49 2026 +0900

        fix tests and missing parameter

        Signed-off-by: Maxime CLEMENT <maxime.clement@tier4.jp>

    commit 647427ecd30325b272d600e2526775f879425475
    Author: Maxime CLEMENT <maxime.clement@tier4.jp>
    Date:   Wed Aug 12 11:15:02 2026 +0900

        feat: implement unified trajectory processor

    commit 0ab8d48ce802f418ea8a0416df6323153a76e5b3
    Author: Maxime CLEMENT <maxime.clement@tier4.jp>
    Date:   Wed Aug 12 11:14:45 2026 +0900

        chore: rename trajectory_modifier files to trajectory_processor to preserve git history

    commit 37b274d0db6a03dda6efe21f5f7818ef7bf163ae
    Author: Maxime CLEMENT <78338830+maxime-clem@users.noreply.github.com>
    Date:   Mon Aug 10 13:49:16 2026 +0900

        feat(trajectory_processor): unify plugin interface (#13152)

        Signed-off-by: Maxime CLEMENT <maxime.clement@tier4.jp>

    commit b556402fa5bfcd9d5e864cca13b4831b193cf978
    Author: Maxime CLEMENT <78338830+maxime-clem@users.noreply.github.com>
    Date:   Thu Jul 16 10:53:21 2026 +0900

        feat(trajectory_processor): unify parameters handling (#12988)

        Signed-off-by: Maxime CLEMENT <maxime.clement@tier4.jp>

    commit 69159b311beeb0a627cfa63c872b1bf42bda06fb
    Author: Maxime CLEMENT <78338830+maxime-clem@users.noreply.github.com>
    Date:   Thu Jul 9 11:19:28 2026 +0900

        feat(trajectory_processor): combine include folders (#12962)

        Signed-off-by: Maxime CLEMENT <maxime.clement@tier4.jp>

    commit 44db2374002a0af91bd673fd03622ac77db37dd1
    Author: Maxime CLEMENT <78338830+maxime-clem@users.noreply.github.com>
    Date:   Tue Jul 7 13:19:03 2026 +0900

        feat(autoware_trajectory_processor): move modifier and optimizer into new package (#12934)

        Signed-off-by: Maxime CLEMENT <maxime.clement@tier4.jp>

    commit 88fa2da2ed3963cd45c0d071f899ac6caae406f5
    Author: Maxime CLEMENT <78338830+maxime-clem@users.noreply.github.com>
    Date:   Thu Jul 2 15:06:31 2026 +0900

        feat(trajectory_processor): add tests for the modifier+optimizer pipeline (#12853)

        Signed-off-by: Maxime CLEMENT <maxime.clement@tier4.jp>

    Signed-off-by: Maxime CLEMENT <maxime.clement@tier4.jp>

    * add missing parameters to struct and fix unit test

    Signed-off-by: Maxime CLEMENT <maxime.clement@tier4.jp>

    ---------

    Signed-off-by: Maxime CLEMENT <maxime.clement@tier4.jp>
